[    0.000000] Linux version 4.15.0-191-generic (buildd@lcy02-amd64-032) (gcc version 7.5.0 (Ubuntu 7.5.0-3ubuntu1~18.04)) #202-Ubuntu SMP Thu Aug 4 01:49:29 UTC 2022 (Ubuntu 4.15.0-191.202-generic 4.15.18)
[    0.000000] Command line: BOOT_IMAGE=/boot/vmlinuz-4.15.0-191-generic root=LABEL=cloudimg-rootfs ro console=tty1 console=ttyS0
[    0.000000] KERNEL supported cpus:
[    0.000000]   Intel GenuineIntel
[    0.000000]   AMD AuthenticAMD
[    0.000000]   Centaur CentaurHauls
[    0.000000] x86/fpu: Supporting XSAVE feature 0x001: 'x87 floating point registers'
[    0.000000] x86/fpu: Supporting XSAVE feature 0x002: 'SSE registers'
[    0.000000] x86/fpu: Supporting XSAVE feature 0x004: 'AVX registers'
[    0.000000] x86/fpu: xstate_offset[2]:  576, xstate_sizes[2]:  256
[    0.000000] x86/fpu: Enabled xstate features 0x7, context size is 832 bytes, using 'standard' format.
[    0.000000] e820: BIOS-provided physical RAM map:
[    0.000000] BIOS-e820: [mem 0x0000000000000000-0x000000000009fbff] usable
[    0.000000] BIOS-e820: [mem 0x000000000009fc00-0x000000000009ffff] reserved
[    0.000000] BIOS-e820: [mem 0x00000000000f0000-0x00000000000fffff] reserved
[    0.000000] BIOS-e820: [mem 0x0000000000100000-0x0000000063feffff] usable
[    0.000000] BIOS-e820: [mem 0x0000000063ff0000-0x0000000063ffffff] ACPI data
[    0.000000] BIOS-e820: [mem 0x00000000fec00000-0x00000000fec00fff] reserved
[    0.000000] BIOS-e820: [mem 0x00000000fee00000-0x00000000fee00fff] reserved
[    0.000000] BIOS-e820: [mem 0x00000000fffc0000-0x00000000ffffffff] reserved
[    0.000000] NX (Execute Disable) protection: active
[    0.000000] SMBIOS 2.5 present.
[    0.000000] DMI: innotek GmbH VirtualBox/VirtualBox, BIOS VirtualBox 12/01/2006
[    0.000000] Hypervisor detected: KVM
[    0.000000] e820: last_pfn = 0x63ff0 max_arch_pfn = 0x400000000
[    0.000000] MTRR: Disabled
[    0.000000] x86/PAT: MTRRs disabled, skipping PAT initialization too.
[    0.000000] CPU MTRRs all blank - virtualized system.
[    0.000000] x86/PAT: Configuration [0-7]: WB  WT  UC- UC  WB  WT  UC- UC  
[    0.000000] found SMP MP-table at [mem 0x0009fff0-0x0009ffff]
[    0.000000] Scanning 1 areas for low memory corruption
[    0.000000] RAMDISK: [mem 0x35811000-0x36bfffff]
[    0.000000] ACPI: Early table checksum verification disabled
[    0.000000] ACPI: RSDP 0x00000000000E0000 000024 (v02 VBOX  )
[    0.000000] ACPI: XSDT 0x0000000063FF0030 00003C (v01 VBOX   VBOXXSDT 00000001 ASL  00000061)
[    0.000000] ACPI: FACP 0x0000000063FF00F0 0000F4 (v04 VBOX   VBOXFACP 00000001 ASL  00000061)
[    0.000000] ACPI: DSDT 0x0000000063FF0470 002325 (v02 VBOX   VBOXBIOS 00000002 INTL 20100528)
[    0.000000] ACPI: FACS 0x0000000063FF0200 000040
[    0.000000] ACPI: FACS 0x0000000063FF0200 000040
[    0.000000] ACPI: APIC 0x0000000063FF0240 00005C (v02 VBOX   VBOXAPIC 00000001 ASL  00000061)
[    0.000000] ACPI: SSDT 0x0000000063FF02A0 0001CC (v01 VBOX   VBOXCPUT 00000002 INTL 20100528)
[    0.000000] ACPI: Reserving FACP table memory at [mem 0x63ff00f0-0x63ff01e3]
[    0.000000] ACPI: Reserving DSDT table memory at [mem 0x63ff0470-0x63ff2794]
[    0.000000] ACPI: Reserving FACS table memory at [mem 0x63ff0200-0x63ff023f]
[    0.000000] ACPI: Reserving FACS table memory at [mem 0x63ff0200-0x63ff023f]
[    0.000000] ACPI: Reserving APIC table memory at [mem 0x63ff0240-0x63ff029b]
[    0.000000] ACPI: Reserving SSDT table memory at [mem 0x63ff02a0-0x63ff046b]
[    0.000000] No NUMA configuration found
[    0.000000] Faking a node at [mem 0x0000000000000000-0x0000000063feffff]
[    0.000000] NODE_DATA(0) allocated [mem 0x63fc5000-0x63feffff]
[    0.000000] kvm-clock: cpu 0, msr 0:63f44001, primary cpu clock
[    0.000000] kvm-clock: Using msrs 4b564d01 and 4b564d00
[    0.000000] kvm-clock: using sched offset of 3954729728 cycles
[    0.000000] clocksource: kvm-clock: mask: 0xffffffffffffffff max_cycles: 0x1cd42e4dffb, max_idle_ns: 881590591483 ns
[    0.000000] Zone ranges:
[    0.000000]   DMA      [mem 0x0000000000001000-0x0000000000ffffff]
[    0.000000]   DMA32    [mem 0x0000000001000000-0x0000000063feffff]
[    0.000000]   Normal   empty
[    0.000000]   Device   empty
[    0.000000] Movable zone start for each node
[    0.000000] Early memory node ranges
[    0.000000]   node   0: [mem 0x0000000000001000-0x000000000009efff]
[    0.000000]   node   0: [mem 0x0000000000100000-0x0000000063feffff]
[    0.000000] Reserved but unavailable: 104 pages
[    0.000000] Initmem setup node 0 [mem 0x0000000000001000-0x0000000063feffff]
[    0.000000] ACPI: PM-Timer IO Port: 0x4008
[    0.000000] IOAPIC[0]: apic_id 2, version 32, address 0xfec00000, GSI 0-23
[    0.000000] ACPI: INT_SRC_OVR (bus 0 bus_irq 0 global_irq 2 dfl dfl)
[    0.000000] ACPI: INT_SRC_OVR (bus 0 bus_irq 9 global_irq 9 low level)
[    0.000000] Using ACPI (MADT) for SMP configuration information
[    0.000000] smpboot: Allowing 2 CPUs, 0 hotplug CPUs
[    0.000000] PM: Registered nosave memory: [mem 0x00000000-0x00000fff]
[    0.000000] PM: Registered nosave memory: [mem 0x0009f000-0x0009ffff]
[    0.000000] PM: Registered nosave memory: [mem 0x000a0000-0x000effff]
[    0.000000] PM: Registered nosave memory: [mem 0x000f0000-0x000fffff]
[    0.000000] e820: [mem 0x64000000-0xfebfffff] available for PCI devices
[    0.000000] Booting paravirtualized kernel on KVM
[    0.000000] clocksource: refined-jiffies: mask: 0xffffffff max_cycles: 0xffffffff, max_idle_ns: 7645519600211568 ns
[    0.000000] random: get_random_bytes called from start_kernel+0x99/0x500 with crng_init=0
[    0.000000] setup_percpu: NR_CPUS:8192 nr_cpumask_bits:2 nr_cpu_ids:2 nr_node_ids:1
[    0.000000] percpu: Embedded 50 pages/cpu s167936 r8192 d28672 u1048576
[    0.000000] PV qspinlock hash table entries: 256 (order: 0, 4096 bytes)
[    0.000000] Built 1 zonelists, mobility grouping on.  Total pages: 403065
[    0.000000] Policy zone: DMA32
[    0.000000] Kernel command line: BOOT_IMAGE=/boot/vmlinuz-4.15.0-191-generic root=LABEL=cloudimg-rootfs ro console=tty1 console=ttyS0
[    0.000000] Memory: 1561348K/1637944K available (12300K kernel code, 2484K rwdata, 4324K rodata, 2468K init, 2724K bss, 76596K reserved, 0K cma-reserved)
[    0.000000] SLUB: HWalign=64, Order=0-3, MinObjects=0, CPUs=2, Nodes=1
[    0.000000] Kernel/User page tables isolation: enabled
[    0.000000] ftrace: allocating 39485 entries in 155 pages
[    0.004000] Hierarchical RCU implementation.
[    0.004000] 	RCU restricting CPUs from NR_CPUS=8192 to nr_cpu_ids=2.
[    0.004000] 	Tasks RCU enabled.
[    0.004000] RCU: Adjusting geometry for rcu_fanout_leaf=16, nr_cpu_ids=2
[    0.004000] NR_IRQS: 524544, nr_irqs: 440, preallocated irqs: 16
[    0.004000] Console: colour VGA+ 80x25
[    0.004000] console [tty1] enabled
[    0.004000] console [ttyS0] enabled
[    0.004000] ACPI: Core revision 20170831
[    0.004000] ACPI: 2 ACPI AML tables successfully acquired and loaded
[    0.004000] APIC: Switch to symmetric I/O mode setup
[    0.004000] x2apic enabled
[    0.004000] Switched APIC routing to physical x2apic.
[    0.004000] ..TIMER: vector=0x30 apic1=0 pin1=2 apic2=-1 pin2=-1
[    0.004004] tsc: Detected 2903.998 MHz processor
[    0.005102] Calibrating delay loop (skipped) preset value.. 5807.99 BogoMIPS (lpj=11615992)
[    0.008002] pid_max: default: 32768 minimum: 301
[    0.009087] Security Framework initialized
[    0.010097] Yama: becoming mindful.
[    0.012022] AppArmor: AppArmor initialized
[    0.013513] Dentry cache hash table entries: 262144 (order: 9, 2097152 bytes)
[    0.016009] Inode-cache hash table entries: 131072 (order: 8, 1048576 bytes)
[    0.017599] Mount-cache hash table entries: 4096 (order: 3, 32768 bytes)
[    0.019101] Mountpoint-cache hash table entries: 4096 (order: 3, 32768 bytes)
[    0.020301] Last level iTLB entries: 4KB 64, 2MB 8, 4MB 8
[    0.021553] Last level dTLB entries: 4KB 64, 2MB 0, 4MB 0, 1GB 4
[    0.022846] Spectre V1 : Mitigation: usercopy/swapgs barriers and __user pointer sanitization
[    0.024002] Spectre V2 : Mitigation: Retpolines
[    0.025078] Spectre V2 : Spectre v2 / SpectreRSB mitigation: Filling RSB on context switch
[    0.028002] Speculative Store Bypass: Vulnerable
[    0.029124] MDS: Mitigation: Clear CPU buffers
[    0.030132] MMIO Stale Data: Mitigation: Clear CPU buffers
[    0.031337] SRBDS: Unknown: Dependent on hypervisor status
[    0.032206] Freeing SMP alternatives memory: 36K
[    0.144642] smpboot: CPU0: Intel(R) Core(TM) i7-7500U CPU @ 2.70GHz (family: 0x6, model: 0x8e, stepping: 0x9)
[    0.146814] Performance Events: unsupported p6 CPU model 142 no PMU driver, software events only.
[    0.148000] Hierarchical SRCU implementation.
[    0.148714] NMI watchdog: Perf event create on CPU 0 failed with -2
[    0.150058] NMI watchdog: Perf NMI watchdog permanently disabled
[    0.152038] smp: Bringing up secondary CPUs ...
[    0.153183] x86: Booting SMP configuration:
[    0.154206] .... node  #0, CPUs:      #1
[    0.004000] kvm-clock: cpu 1, msr 0:63f44041, secondary cpu clock
[    0.158332] smp: Brought up 1 node, 2 CPUs
[    0.158332] smpboot: Max logical packages: 1
[    0.160004] smpboot: Total of 2 processors activated (11615.99 BogoMIPS)
[    0.161585] devtmpfs: initialized
[    0.161585] x86/mm: Memory block size: 128MB
[    0.164205] evm: security.selinux
[    0.164981] evm: security.SMACK64
[    0.165848] evm: security.SMACK64EXEC
[    0.166831] evm: security.SMACK64TRANSMUTE
[    0.167817] evm: security.SMACK64MMAP
[    0.168002] evm: security.apparmor
[    0.168803] evm: security.ima
[    0.169550] evm: security.capability
[    0.170595] clocksource: jiffies: mask: 0xffffffff max_cycles: 0xffffffff, max_idle_ns: 7645041785100000 ns
[    0.172015] futex hash table entries: 512 (order: 3, 32768 bytes)
[    0.173501] pinctrl core: initialized pinctrl subsystem
[    0.176099] RTC time: 19:34:53, date: 08/17/22
[    0.177326] NET: Registered protocol family 16
[    0.178449] audit: initializing netlink subsys (disabled)
[    0.180042] audit: type=2000 audit(1660764898.903:1): state=initialized audit_enabled=0 res=1
[    0.184044] cpuidle: using governor ladder
[    0.184968] cpuidle: using governor menu
[    0.186212] ACPI: bus type PCI registered
[    0.187496] acpiphp: ACPI Hot Plug PCI Controller Driver version: 0.5
[    0.188144] PCI: Using configuration type 1 for base access
[    0.192899] HugeTLB registered 2.00 MiB page size, pre-allocated 0 pages
[    0.196058] ACPI: Added _OSI(Module Device)
[    0.196947] ACPI: Added _OSI(Processor Device)
[    0.197844] ACPI: Added _OSI(3.0 _SCP Extensions)
[    0.199146] ACPI: Added _OSI(Processor Aggregator Device)
[    0.200004] ACPI: Added _OSI(Linux-Dell-Video)
[    0.201451] ACPI: Added _OSI(Linux-Lenovo-NV-HDMI-Audio)
[    0.204010] ACPI: Added _OSI(Linux-HPI-Hybrid-Graphics)
[    0.206022] ACPI: Executed 1 blocks of module-level executable AML code
[    0.213786] ACPI: Interpreter enabled
[    0.214919] ACPI: (supports S0 S5)
[    0.215747] ACPI: Using IOAPIC for interrupt routing
[    0.216277] PCI: Using host bridge windows from ACPI; if necessary, use "pci=nocrs" and report a bug
[    0.218550] ACPI: Enabled 2 GPEs in block 00 to 07
[    0.227383] ACPI: PCI Root Bridge [PCI0] (domain 0000 [bus 00-ff])
[    0.228006] acpi PNP0A03:00: _OSC: OS supports [ASPM ClockPM Segments MSI]
[    0.230187] acpi PNP0A03:00: _OSC: not requesting OS control; OS requires [ExtendedConfig ASPM ClockPM MSI]
[    0.232010] acpi PNP0A03:00: fail to add MMCONFIG information, can't access extended PCI configuration space under this bridge.
[    0.235074] PCI host bridge to bus 0000:00
[    0.236003] pci_bus 0000:00: root bus resource [io  0x0000-0x0cf7 window]
[    0.237568] pci_bus 0000:00: root bus resource [io  0x0d00-0xffff window]
[    0.239090] pci_bus 0000:00: root bus resource [mem 0x000a0000-0x000bffff window]
[    0.240003] pci_bus 0000:00: root bus resource [mem 0x64000000-0xfdffffff window]
[    0.244003] pci_bus 0000:00: root bus resource [bus 00-ff]
[    0.248618] pci 0000:00:01.1: legacy IDE quirk: reg 0x10: [io  0x01f0-0x01f7]
[    0.250219] pci 0000:00:01.1: legacy IDE quirk: reg 0x14: [io  0x03f6]
[    0.251724] pci 0000:00:01.1: legacy IDE quirk: reg 0x18: [io  0x0170-0x0177]
[    0.252002] pci 0000:00:01.1: legacy IDE quirk: reg 0x1c: [io  0x0376]
[    0.277800] pci 0000:00:07.0: quirk: [io  0x4000-0x403f] claimed by PIIX4 ACPI
[    0.279606] pci 0000:00:07.0: quirk: [io  0x4100-0x410f] claimed by PIIX4 SMB
[    0.296461] ACPI: PCI Interrupt Link [LNKA] (IRQs 5 9 10 *11)
[    0.298232] ACPI: PCI Interrupt Link [LNKB] (IRQs 5 9 *10 11)
[    0.299655] ACPI: PCI Interrupt Link [LNKC] (IRQs 5 *9 10 11)
[    0.300121] ACPI: PCI Interrupt Link [LNKD] (IRQs 5 9 10 *11)
[    0.301817] SCSI subsystem initialized
[    0.302740] pci 0000:00:02.0: vgaarb: setting as boot VGA device
[    0.302740] pci 0000:00:02.0: vgaarb: VGA device added: decodes=io+mem,owns=io+mem,locks=none
[    0.304019] pci 0000:00:02.0: vgaarb: bridge control possible
[    0.308003] vgaarb: loaded
[    0.309035] ACPI: bus type USB registered
[    0.312021] usbcore: registered new interface driver usbfs
[    0.313837] usbcore: registered new interface driver hub
[    0.316011] usbcore: registered new device driver usb
[    0.317715] EDAC MC: Ver: 3.0.0
[    0.320088] PCI: Using ACPI for IRQ routing
[    0.322079] NetLabel: Initializing
[    0.323395] NetLabel:  domain hash size = 128
[    0.324002] NetLabel:  protocols = UNLABELED CIPSOv4 CALIPSO
[    0.326075] NetLabel:  unlabeled traffic allowed by default
[    0.328099] clocksource: Switched to clocksource kvm-clock
[    0.343739] VFS: Disk quotas dquot_6.6.0
[    0.345111] VFS: Dquot-cache hash table entries: 512 (order 0, 4096 bytes)
[    0.347396] AppArmor: AppArmor Filesystem Enabled
[    0.348945] pnp: PnP ACPI init
[    0.351361] pnp: PnP ACPI: found 3 devices
[    0.362550] clocksource: acpi_pm: mask: 0xffffff max_cycles: 0xffffff, max_idle_ns: 2085701024 ns
[    0.365988] NET: Registered protocol family 2
[    0.367004] IP idents hash table entries: 32768 (order: 6, 262144 bytes)
[    0.368836] TCP established hash table entries: 16384 (order: 5, 131072 bytes)
[    0.371301] TCP bind hash table entries: 16384 (order: 6, 262144 bytes)
[    0.373076] TCP: Hash tables configured (established 16384 bind 16384)
[    0.374434] UDP hash table entries: 1024 (order: 3, 32768 bytes)
[    0.376133] UDP-Lite hash table entries: 1024 (order: 3, 32768 bytes)
[    0.378034] NET: Registered protocol family 1
[    0.379709] pci 0000:00:00.0: Limiting direct PCI/PCI transfers
[    0.381619] pci 0000:00:01.0: Activating ISA DMA hang workarounds
[    0.383673] pci 0000:00:02.0: Video device with shadowed ROM at [mem 0x000c0000-0x000dffff]
[    0.386839] Unpacking initramfs...
[    0.644541] Freeing initrd memory: 20412K
[    0.645646] clocksource: tsc: mask: 0xffffffffffffffff max_cycles: 0x29dc03c1beb, max_idle_ns: 440795205215 ns
[    0.647910] platform rtc_cmos: registered platform RTC device (no PNP device found)
[    0.650485] Scanning for low memory corruption every 60 seconds
[    0.652428] Initialise system trusted keyrings
[    0.653350] Key type blacklist registered
[    0.654228] workingset: timestamp_bits=36 max_order=19 bucket_order=0
[    0.656670] zbud: loaded
[    0.657987] squashfs: version 4.0 (2009/01/31) Phillip Lougher
[    0.659704] fuse init (API version 7.26)
[    0.664020] Key type asymmetric registered
[    0.664986] Asymmetric key parser 'x509' registered
[    0.666115] Block layer SCSI generic (bsg) driver version 0.4 loaded (major 246)
[    0.667949] io scheduler noop registered
[    0.668919] io scheduler deadline registered
[    0.669938] io scheduler cfq registered (default)
[    0.671341] ACPI: AC Adapter [AC] (off-line)
[    0.672365] input: Power Button as /devices/LNXSYSTM:00/LNXPWRBN:00/input/input0
[    0.674079] ACPI: Power Button [PWRF]
[    0.675000] input: Sleep Button as /devices/LNXSYSTM:00/LNXSLPBN:00/input/input1
[    0.676729] ACPI: Sleep Button [SLPF]
[    0.678758] ACPI: Battery Slot [BAT0] (battery present)
[    0.679964] Serial: 8250/16550 driver, 32 ports, IRQ sharing enabled
[    0.702194] 00:02: ttyS0 at I/O 0x3f8 (irq = 4, base_baud = 115200) is a 16550A
[    0.709905] Linux agpgart interface v0.103
[    0.713100] loop: module loaded
[    0.714650] scsi host0: ata_piix
[    0.715702] scsi host1: ata_piix
[    0.716629] ata1: PATA max UDMA/33 cmd 0x1f0 ctl 0x3f6 bmdma 0xd000 irq 14
[    0.718111] ata2: PATA max UDMA/33 cmd 0x170 ctl 0x376 bmdma 0xd008 irq 15
[    0.720140] tun: Universal TUN/TAP device driver, 1.6
[    0.721394] PPP generic driver version 2.4.2
[    0.722598] ehci_hcd: USB 2.0 'Enhanced' Host Controller (EHCI) Driver
[    0.724003] ehci-pci: EHCI PCI platform driver
[    0.725147] ehci-platform: EHCI generic platform driver
[    0.726377] ohci_hcd: USB 1.1 'Open' Host Controller (OHCI) Driver
[    0.727756] ohci-pci: OHCI PCI platform driver
[    0.728910] ohci-platform: OHCI generic platform driver
[    0.730088] uhci_hcd: USB Universal Host Controller Interface driver
[    0.731521] i8042: PNP: PS/2 Controller [PNP0303:PS2K,PNP0f03:PS2M] at 0x60,0x64 irq 1,12
[    0.733877] serio: i8042 KBD port at 0x60,0x64 irq 1
[    0.735001] serio: i8042 AUX port at 0x60,0x64 irq 12
[    0.736536] mousedev: PS/2 mouse device common for all mice
[    0.738647] rtc_cmos rtc_cmos: rtc core: registered rtc_cmos as rtc0
[    0.740203] rtc_cmos rtc_cmos: alarms up to one day, 114 bytes nvram
[    0.741669] input: AT Translated Set 2 keyboard as /devices/platform/i8042/serio0/input/input2
[    0.743493] i2c /dev entries driver
[    0.744552] device-mapper: uevent: version 1.0.3
[    0.745822] device-mapper: ioctl: 4.37.0-ioctl (2017-09-20) initialised: dm-devel@redhat.com
[    0.747795] ledtrig-cpu: registered to indicate activity on CPUs
[    0.749863] NET: Registered protocol family 10
[    0.755586] Segment Routing with IPv6
[    0.756609] NET: Registered protocol family 17
[    0.757805] Key type dns_resolver registered
[    0.759173] mce: Using 0 MCE banks
[    0.760050] RAS: Correctable Errors collector initialized.
[    0.761315] sched_clock: Marking stable (761300435, 0)->(971639001, -210338566)
[    0.763728] registered taskstats version 1
[    0.764773] Loading compiled-in X.509 certificates
[    0.768360] Loaded X.509 cert 'Build time autogenerated kernel key: c22b55fccca0ab4a1b471e83eb5a5035df964114'
[    0.771003] Loaded X.509 cert 'Canonical Ltd. Live Patch Signing: 14df34d1a87cf37625abec039ef2bf521249b969'
[    0.773757] Loaded X.509 cert 'Canonical Ltd. Kernel Module Signing: 88f752e560a1e0737e31163a466ad7b70a850c19'
[    0.775879] blacklist: Loading compiled-in revocation X.509 certificates
[    0.777398] Loaded X.509 cert 'Canonical Ltd. Secure Boot Signing: 61482aa2830d0ab2ad5af10b7250da9033ddcef0'
[    0.779529] zswap: loaded using pool lzo/zbud
[    0.784680] Key type big_key registered
[    0.785637] Key type trusted registered
[    0.788562] Key type encrypted registered
[    0.789479] AppArmor: AppArmor sha1 policy hashing enabled
[    0.790645] ima: No TPM chip found, activating TPM-bypass! (rc=-19)
[    0.792011] ima: Allocated hash algorithm: sha1
[    0.793178] evm: HMAC attrs: 0x1
[    0.794227]   Magic number: 2:336:597
[    0.795286] rtc_cmos rtc_cmos: setting system clock to 2022-08-17 19:34:53 UTC (1660764893)
[    0.797515] BIOS EDD facility v0.16 2004-Jun-25, 0 devices found
[    0.798870] EDD information not available.
[    0.904281] Freeing unused kernel image memory: 2468K
[    0.916530] Write protecting the kernel read-only data: 20480k
[    0.919124] Freeing unused kernel image memory: 2008K
[    0.921439] Freeing unused kernel image memory: 1820K
[    0.934460] x86/mm: Checked W+X mappings: passed, no W+X pages found.
[    0.936352] x86/mm: Checking user space page tables
[    0.946740] x86/mm: Checked W+X mappings: passed, no W+X pages found.
Loading, please wait...
starting version 237
[    1.012010] e1000: Intel(R) PRO/1000 Network Driver - version 7.3.21-k8-NAPI
[    1.013779] e1000: Copyright (c) 1999-2006 Intel Corporation.
[    1.026766] Fusion MPT base driver 3.04.20
[    1.027664] Copyright (c) 1999-2008 LSI Corporation
[    1.046304] AVX2 version of gcm_enc/dec engaged.
[    1.047297] AES CTR mode by8 optimization enabled
[    1.054495] Fusion MPT SPI Host driver 3.04.20
[    1.063883] vboxvideo: loading out-of-tree module taints kernel.
[    1.066973] vboxvideo: module verification failed: signature and/or required key missing - tainting kernel
[    1.074145] vboxvideo: loading version 6.1.34 r150636
[    1.237595] input: ImExPS/2 Generic Explorer Mouse as /devices/platform/i8042/serio1/input/input4
[    1.460579] e1000 0000:00:03.0 eth0: (PCI:33MHz:32-bit) 02:dd:70:87:b9:65
[    1.462940] e1000 0000:00:03.0 eth0: Intel(R) PRO/1000 Network Connection
[    1.466072] mptbase: ioc0: Initiating bringup
[    1.560482] ioc0: LSI53C1030 A0: Capabilities={Initiator}
[    1.807719] scsi host2: ioc0: LSI53C1030 A0, FwRev=00000000h, Ports=1, MaxQ=256, IRQ=20
[    1.977237] scsi 2:0:0:0: Direct-Access     VBOX     HARDDISK         1.0  PQ: 0 ANSI: 5
[    1.985222] [drm] VRAM 01000000
[    1.988314] [TTM] Zone  kernel: Available graphics memory: 794046 kiB
[    1.990404] [TTM] Initializing pool allocator
[    1.991745] [TTM] Initializing DMA pool allocator
[    1.995404] fbcon: vboxdrmfb (fb0) is primary device
[    1.997969] Console: switching to colour frame buffer device 100x37
[    2.001430] vboxvideo 0000:00:02.0: fb0: vboxdrmfb frame buffer device
[    2.008351] scsi target2:0:0: Beginning Domain Validation
[    2.012703] scsi target2:0:0: Domain Validation skipping write tests
[    2.013620] scsi target2:0:0: Ending Domain Validation
[    2.014392] scsi target2:0:0: asynchronous
[    2.015799] scsi 2:0:1:0: Direct-Access     VBOX     HARDDISK         1.0  PQ: 0 ANSI: 5
[    2.017203] [drm] Initialized vboxvideo 1.0.0 20130823 for 0000:00:02.0 on minor 0
[    2.048824] scsi target2:0:1: Beginning Domain Validation
[    2.061476] random: fast init done
[    2.062980] scsi target2:0:1: Domain Validation skipping write tests
[    2.064737] scsi target2:0:1: Ending Domain Validation
[    2.065902] scsi target2:0:1: asynchronous
[    2.071253] random: systemd-udevd: uninitialized urandom read (16 bytes read)
[    2.073395] sd 2:0:0:0: [sda] 83886080 512-byte logical blocks: (42.9 GB/40.0 GiB)
[    2.075440] sd 2:0:0:0: [sda] Write Protect is off
[    2.077168] sd 2:0:0:0: [sda] Incomplete mode parameter data
[    2.078598] sd 2:0:0:0: [sda] Assuming drive cache: write through
[    2.080226] sd 2:0:0:0: Attached scsi generic sg0 type 0
[    2.081594] random: systemd-udevd: uninitialized urandom read (16 bytes read)
[    2.083693] sd 2:0:1:0: Attached scsi generic sg1 type 0
[    2.085007] random: systemd-udevd: uninitialized urandom read (16 bytes read)
[    2.087219] sd 2:0:1:0: [sdb] 20480 512-byte logical blocks: (10.5 MB/10.0 MiB)
[    2.088659]  sda: sda1
[    2.089436] sd 2:0:1:0: [sdb] Write Protect is off
[    2.091501] sd 2:0:0:0: [sda] Attached SCSI disk
[    2.093132] sd 2:0:1:0: [sdb] Incomplete mode parameter data
[    2.094518] sd 2:0:1:0: [sdb] Assuming drive cache: write through
[    2.100000] sd 2:0:1:0: [sdb] Attached SCSI disk
[    2.427429] e1000 0000:00:08.0 eth1: (PCI:33MHz:32-bit) 08:00:27:30:db:d0
[    2.430570] e1000 0000:00:08.0 eth1: Intel(R) PRO/1000 Network Connection
[    2.436006] e1000 0000:00:08.0 enp0s8: renamed from eth1
[    2.453085] e1000 0000:00:03.0 enp0s3: renamed from eth0
Begin: Loading essential drivers ... [    2.672073] raid6: sse2x1   gen() 11906 MB/s
[    2.720069] raid6: sse2x1   xor()  8572 MB/s
[    2.768085] raid6: sse2x2   gen() 14673 MB/s
[    2.816101] raid6: sse2x2   xor()  9829 MB/s
[    2.864089] raid6: sse2x4   gen() 16683 MB/s
[    2.912061] raid6: sse2x4   xor() 10215 MB/s
[    2.960057] raid6: avx2x1   gen() 23716 MB/s
[    3.008070] raid6: avx2x1   xor() 16332 MB/s
[    3.056057] raid6: avx2x2   gen() 25618 MB/s
[    3.104100] raid6: avx2x2   xor() 17868 MB/s
[    3.152086] raid6: avx2x4   gen() 32865 MB/s
[    3.200009] raid6: avx2x4   xor() 20443 MB/s
[    3.200947] raid6: using algorithm avx2x4 gen() 32865 MB/s
[    3.202084] raid6: .... xor() 20443 MB/s, rmw enabled
[    3.203157] raid6: using avx2x2 recovery algorithm
[    3.205265] xor: automatically using best checksumming function   avx       
[    3.207543] async_tx: api initialized (async)
done.
Begin: Running /scripts/init-premount ... done.
Begin: Mounting root file system ... Begin: Running /scripts/local-top ... done.
Begin: Running /scripts/local-premount ... [    3.253339] Btrfs loaded, crc32c=crc32c-intel
Scanning for Btrfs filesystems
done.
Begin: Will now check root file system ... fsck from util-linux 2.31.1
[/sbin/fsck.ext4 (1) -- /dev/sda1] fsck.ext4 -a -C0 /dev/sda1 
cloudimg-rootfs: clean, 74156/5120000 files, 687081/10485499 blocks
done.
[    3.338940] EXT4-fs (sda1): mounted filesystem with ordered data mode. Opts: (null)
done.
Begin: Running /scripts/local-bottom ... done.
Begin: Running /scripts/init-bottom ... done.
[    3.731199] ip_tables: (C) 2000-2006 Netfilter Core Team
[    3.763095] systemd[1]: systemd 237 running in system mode. (+PAM +AUDIT +SELINUX +IMA +APPARMOR +SMACK +SYSVINIT +UTMP +LIBCRYPTSETUP +GCRYPT +GNUTLS +ACL +XZ +LZ4 +SECCOMP +BLKID +ELFUTILS +KMOD -IDN2 +IDN -PCRE2 default-hierarchy=hybrid)
[    3.767496] systemd[1]: Detected virtualization oracle.
[    3.768616] systemd[1]: Detected architecture x86-64.

Welcome to [1mUbuntu 18.04.6 LTS[0m!

[    3.777029] systemd[1]: Set hostname to <ubuntu-bionic>.
[    4.607379] systemd[1]: Set up automount Arbitrary Executable File Formats File System Automount Point.
[[0;32m  OK  [0m] Set up automount Arbitrary Executabâ€¦rmats File System Automount Point.
[    4.622620] systemd[1]: Created slice User and Session Slice.
[[0;32m  OK  [0m] Created slice User and Session Slice.
[    4.636477] systemd[1]: Reached target System Time Synchronized.
[[0;32m  OK  [0m] Reached target System Time Synchronized.
[    4.648243] systemd[1]: Reached target User and Group Name Lookups.
[[0;32m  OK  [0m] Reached target User and Group Name Lookups.
[    4.651793] systemd[1]: Created slice System Slice.
[[0;32m  OK  [0m] Created slice System Slice.
[    4.665079] systemd[1]: Listening on fsck to fsckd communication Socket.
[[0;32m  OK  [0m] Listening on fsck to fsckd communication Socket.
[[0;32m  OK  [0m] Listening on Syslog Socket.
[[0;32m  OK  [0m] Listening on /dev/initctl Compatibility Named Pipe.
[[0;32m  OK  [0m] Listening on Journal Socket (/dev/log).
[[0;32m  OK  [0m] Reached target Slices.
[[0;32m  OK  [0m] Listening on Journal Socket.
         Starting Set the console keyboard layout...
         Starting Load Kernel Modules...
         Mounting POSIX Message Queue File System...
         Mounting Huge Pages File System...
         Mounting Kernel Debug File System...
[[0;32m  OK  [0m] Listening on Network Service Netlink Socket.
         Starting Create list of required stâ€¦ce nodes for the current kernel...
         Starting Uncomplicated firewall...
[[0;32m  OK  [0m] Listening on Device-mapper event daemon FIFOs.
         Starting Remount Root and Kernel File Systems...
[[0;32m  OK  [0m] Listening on udev Kernel Socket.
[[0;32m  OK  [0m] Created slice system-serial\x2dgetty.slice.
[[0;32m  OK  [0m] Listening on Journal Audit Socket.
         Starting Journal Service...
[[0;32m  OK  [0m] Reached target Swap.
[[0;32m  OK  [0m] Started Forward Password Requests to Wall Directory Watch.
[    4.771797] Loading iSCSI transport class v2.0-870.
[[0;32m  OK  [0m] Listening on LVM2 poll daemon socket.
[[0;32m  OK  [0m] Listening on LVM2 metadata daemon socket.
         Starting Monitoring of LVM2 mirrorsâ€¦ng dmeventd or progress polling...
[    4.784010] iscsi: registered transport (tcp)
[[0;32m  OK  [0m] Listening on udev Control Socket.
         Starting udev Coldplug all Devices...
[[0;32m  OK  [0m] Started Journal Service.
[[0;32m  OK  [0m] Mounted POSIX Message Queue File System.
[[0;32m  OK  [0m] Mounted Huge Pages File System.
[    4.899213] EXT4-fs (sda1): re-mounted. Opts: (null)
[[0;32m  OK  [0m] Mounted Kernel Debug File System.
[[0;32m  OK  [0m] Started Create list of required staâ€¦vice nodes for the current kernel.
[[0;32m  OK  [0m] Started Uncomplicated firewall.
[[0;32m  OK  [0m] Started Remount Root and Kernel File Systems.
[    4.925351] iscsi: registered transport (iser)
         Starting Load/Save Random Seed...
         Starting Create Static Device Nodes in /dev...
         Starting Flush Journal to Persistent Storage...
[[0;32m  OK  [0m] Started Load Kernel Modules.
         Starting Apply Kernel Variables...
         Mounting Kernel Configuration File System...
         Mounting FUSE Control File System...
[[0;32m  OK  [0m] Started udev Coldplug all Devices.
[[0;32m  OK  [0m] Mounted Kernel Configuration File System.
[[0;32m  OK  [0m] Mounted FUSE Control File System.
[[0;32m  OK  [0m] Started LVM2 metadata daemon.
[    4.968614] systemd-journald[410]: Received request to flush runtime journal from PID 1
[[0;32m  OK  [0m] Started Load/Save Random Seed.
[[0;32m  OK  [0m] Started Create Static Device Nodes in /dev.
         Starting udev Kernel Device Manager...
[[0;32m  OK  [0m] Started Apply Kernel Variables.
[[0;32m  OK  [0m] Started Monitoring of LVM2 mirrors,â€¦sing dmeventd or progress polling.
[[0;32m  OK  [0m] Started Set the console keyboard layout.
[[0;32m  OK  [0m] Reached target Local File Systems (Pre).
[[0;32m  OK  [0m] Reached target Local File Systems.
         Starting Tell Plymouth To Write Out Runtime Data...
         Starting Set console font and keymap...
         Starting ebtables ruleset management...
         Starting AppArmor initialization...
[[0;32m  OK  [0m] Started Tell Plymouth To Write Out Runtime Data.
[[0;32m  OK  [0m] Started Set console font and keymap.
[[0;32m  OK  [0m] Started udev Kernel Device Manager.
[[0;32m  OK  [0m] Started Dispatch Password Requests to Console Directory Watch.
[[0;32m  OK  [0m] Reached target Local Encrypted Volumes.
[[0;32m  OK  [0m] Started Flush Journal to Persistent Storage.
         Starting Create Volatile Files and Directories...
[[0;32m  OK  [0m] Started Create Volatile Files and Directories.
         Starting Update UTMP about System Boot/Shutdown...
[[0;32m  OK  [0m] Started Update UTMP about System Boot/Shutdown.
[[0;32m  OK  [0m] Started ebtables ruleset management.
[[0;32m  OK  [0m] Found device /dev/ttyS0.
[[0;32m  OK  [0m] Started AppArmor initialization.
         Starting Initial cloud-init job (pre-networking)...
         Starting Load AppArmor profiles managed internally by snapd...
[[0;32m  OK  [0m] Started Load AppArmor profiles managed internally by snapd.
[[0;32m  OK  [0m] Listening on Load/Save RF Kill Switch Status /dev/rfkill Watch.
[    7.800141] cloud-init[522]: Cloud-init v. 22.2-0ubuntu1~18.04.3 running 'init-local' at Wed, 17 Aug 2022 19:35:00 +0000. Up 7.53 seconds.
[[0;32m  OK  [0m] Started Initial cloud-init job (pre-networking).
[[0;32m  OK  [0m] Reached target Network (Pre).
         Starting Network Service...
[[0;32m  OK  [0m] Started Network Service.
         Starting Network Name Resolution...
         Starting Wait for Network to be Configured...
[[0;32m  OK  [0m] Started Network Name Resolution.
[[0;32m  OK  [0m] Reached target Network.
[[0;32m  OK  [0m] Reached target Host and Network Name Lookups.
[[0;32m  OK  [0m] Started Wait for Network to be Configured.
         Starting Initial cloud-init job (metadata service crawler)...
[   10.527854] cloud-init[711]: Cloud-init v. 22.2-0ubuntu1~18.04.3 running 'init' at Wed, 17 Aug 2022 19:35:02 +0000. Up 10.29 seconds.
[   10.529329] cloud-init[711]: ci-info: ++++++++++++++++++++++++++++++++++++++Net device info+++++++++++++++++++++++++++++++++++++++
[   10.531642] cloud-init[711]: ci-info: +--------+------+-----------------------------+---------------+--------+-------------------+
[   10.544289] cloud-init[711]: ci-info: | Device |  Up  |           Address           |      Mask     | Scope  |     Hw-Address    |
[   10.546211] cloud-init[711]: ci-info: +--------+------+-----------------------------+---------------+--------+-------------------+
[   10.556255] cloud-init[711]: ci-info: | enp0s3 | True |          10.0.2.15          | 255.255.255.0 | global | 02:dd:70:87:b9:65 |
[   10.568280] cloud-init[711]: ci-info: | enp0s3 | True |  fe80::dd:70ff:fe87:b965/64 |       .       |  link  | 02:dd:70:87:b9:65 |
[   10.570865] cloud-init[711]: ci-info: | enp0s8 | True |       192.168.100.100       | 255.255.255.0 | global | 08:00:27:30:db:d0 |
[   10.573384] cloud-init[711]: ci-info: | enp0s8 | True | fe80::a00:27ff:fe30:dbd0/64 |       .       |  link  | 08:00:27:30:db:d0 |
[   10.575728] cloud-init[711]: ci-info: |   lo   | True |          127.0.0.1          |   255.0.0.0   |  host  |         .         |
[   10.578636] cloud-init[711]: ci-info: |   lo   | True |           ::1/128           |       .       |  host  |         .         |
[   10.580677] cloud-init[711]: ci-info: +--------+------+-----------------------------+---------------+--------+-------------------+
[   10.582953] cloud-init[711]: ci-info: +++++++++++++++++++++++++++++Route IPv4 info++++++++++++++++++++++++++++++
[   10.584930] cloud-init[711]: ci-info: +-------+---------------+----------+-----------------+-----------+-------+
[   10.588296] cloud-init[711]: ci-info: | Route |  Destination  | Gateway  |     Genmask     | Interface | Flags |
[   10.590160] cloud-init[711]: ci-info: +-------+---------------+----------+-----------------+-----------+-------+
[   10.592660] cloud-init[711]: ci-info: |   0   |    0.0.0.0    | 10.0.2.2 |     0.0.0.0     |   enp0s3  |   UG  |
[   10.608355] cloud-init[711]: ci-info: |   1   |    10.0.2.0   | 0.0.0.0  |  255.255.255.0  |   enp0s3  |   U   |
[   10.611071] cloud-init[711]: ci-info: |   2   |    10.0.2.2   | 0.0.0.0  | 255.255.255.255 |   enp0s3  |   UH  |
[   10.612797] cloud-init[711]: ci-info: |   3   | 192.168.100.0 | 0.0.0.0  |  255.255.255.0  |   enp0s8  |   U   |
[   10.614251] cloud-init[711]: ci-info: +-------+---------------+----------+-----------------+-----------+-------+
[   10.615804] cloud-init[711]: ci-info: +++++++++++++++++++Route IPv6 info+++++++++++++++++++
[   10.617199] cloud-init[711]: ci-info: +-------+-------------+---------+-----------+-------+
[   10.618474] cloud-init[711]: ci-info: | Route | Destination | Gateway | Interface | Flags |
[   10.619869] cloud-init[711]: ci-info: +-------+-------------+---------+-----------+-------+
[   10.621171] cloud-init[711]: ci-info: |   1   |  fe80::/64  |    ::   |   enp0s3  |   U   |
[   10.622478] cloud-init[711]: ci-info: |   2   |  fe80::/64  |    ::   |   enp0s8  |   U   |
[   10.623800] cloud-init[711]: ci-info: |   4   |    local    |    ::   |   enp0s3  |   U   |
[   10.625247] cloud-init[711]: ci-info: |   5   |    local    |    ::   |   enp0s8  |   U   |
[   10.626115] cloud-init[711]: ci-info: |   6   |   ff00::/8  |    ::   |   enp0s3  |   U   |
[   10.626986] cloud-init[711]: ci-info: |   7   |   ff00::/8  |    ::   |   enp0s8  |   U   |
[   10.627885] cloud-init[711]: ci-info: +-------+-------------+---------+-----------+-------+
[[0;32m  OK  [0m] Started Initial cloud-init job (metadata service crawler).
[[0;32m  OK  [0m] Reached target Network is Online.
[[0;32m  OK  [0m] Reached target Remote File Systems (Pre).
         Mounting /vagrant...
         Starting Availability of block devices...
[[0;32m  OK  [0m] Reached target System Initialization.
[[0;32m  OK  [0m] Listening on D-Bus System Message Bus Socket.
[[0;32m  OK  [0m] Listening on UUID daemon activation socket.
[[0;32m  OK  [0m] Listening on cloud-init hotplug hook socket.
         Starting LXD - unix socket.
[[0;32m  OK  [0m] Started Daily apt download activities.
[[0;32m  OK  [0m] Listening on Open-iSCSI iscsid Socket.
         Starting Socket activation for snappy daemon.
[[0;32m  OK  [0m] Started Daily apt upgrade and clean activities.
[[0;32m  OK  [0m] Listening on ACPID Listen Socket.
[[0;32m  OK  [0m] Started Discard unused blocks once a week.
[[0;32m  OK  [0m] Started Daily Cleanup of Temporary Directories.
[[0;32m  OK  [0m] Started Ubuntu Advantage Timer for running repeated jobs.
[[0;32m  OK  [0m] Started Message of the Day.
[[0;32m  OK  [0m] Reached target Timers.
[[0;32m  OK  [0m] Started ACPI Events Check.
[[0;32m  OK  [0m] Reached target Paths.
[[0;32m  OK  [0m] Reached target Cloud-config availability.
[[0;1;31mFAILED[0m] Failed to mount /vagrant.
See 'systemctl status vagrant.mount' for details.
[[0;1;33mDEPEND[0m] Dependency failed for Remote File Systems.
[[0;32m  OK  [0m] Started Availability of block devices.
[[0;32m  OK  [0m] Listening on LXD - unix socket.
[[0;32m  OK  [0m] Listening on Socket activation for snappy daemon.
[[0;32m  OK  [0m] Reached target Sockets.
[[0;32m  OK  [0m] Reached target Basic System.
[[0;32m  OK  [0m] Started Deferred execution scheduler.
         Starting Dispatcher daemon for systemd-networkd...
         Starting vboxadd.service...
[[0;32m  OK  [0m] Started FUSE filesystem for LXC.
         Starting Accounts Service...
         Starting Snap Daemon...
[[0;32m  OK  [0m] Started D-Bus System Message Bus.
[[0;32m  OK  [0m] Started irqbalance daemon.
         Starting Login Service...
         Starting System Logging Service...
[[0;32m  OK  [0m] Started Regular background program processing daemon.
         Starting OpenBSD Secure Shell server...
         Starting LXD - container startup/shutdown...
         Starting LSB: Record successful boot for GRUB...
         Starting Permit User Sessions...
         Starting LSB: automatic crash report generation...
[[0;32m  OK  [0m] Started Permit User Sessions.
[[0;32m  OK  [0m] Started Login Service.
[[0;32m  OK  [0m] Started Unattended Upgrades Shutdown.
         Starting Terminate Plymouth Boot Screen...
         Starting Hold until boot process finishes up...
         Starting Authorization Manager...
[[0;32m  OK  [0m] Started Hold until boot process finishes up.
[[0;32m  OK  [0m] Started Terminate Plymouth Boot Screen.
         Starting Set console scheme...
[[0;32m  OK  [0m] Started Serial Getty on ttyS0.
[[0;32m  OK  [0m] Started Authorization Manager.
[[0;32m  OK  [0m] Started Accounts Service.
[[0;32m  OK  [0m] Started Set console scheme.
[[0;32m  OK  [0m] Created slice system-getty.slice.
[[0;32m  OK  [0m] Started Getty on tty1.
[[0;32m  OK  [0m] Reached target Login Prompts.
[[0;32m  OK  [0m] Started System Logging Service.
[[0;32m  OK  [0m] Started LSB: automatic crash report generation.
[[0;32m  OK  [0m] Started LSB: Record successful boot for GRUB.
[[0;32m  OK  [0m] Started OpenBSD Secure Shell server.
[[0;32m  OK  [0m] Started Dispatcher daemon for systemd-networkd.
[[0;32m  OK  [0m] Created slice User Slice of vagrant.
[[0;32m  OK  [0m] Started LXD - container startup/shutdown.
         Starting User Manager for UID 1000...
[[0;32m  OK  [0m] Started Session 1 of user vagrant.
[[0;32m  OK  [0m] Started Snap Daemon.
         Starting Wait until snapd is fully seeded...
         Starting Time & Date Service...
[[0;32m  OK  [0m] Started Time & Date Service.
[[0;32m  OK  [0m] Started User Manager for UID 1000.
[[0;32m  OK  [0m] Started Wait until snapd is fully seeded.
         Starting Apply the settings specified in cloud-config...
[   14.141848] cloud-init[1194]: Cloud-init v. 22.2-0ubuntu1~18.04.3 running 'modules:config' at Wed, 17 Aug 2022 19:35:06 +0000. Up 13.88 seconds.
[[0;32m  OK  [0m] Started Apply the settings specified in cloud-config.
[[0;32m  OK  [0m] Started vboxadd.service.
         Starting vboxadd-service.service...
[[0;32m  OK  [0m] Started vboxadd-service.service.
[[0;32m  OK  [0m] Reached target Multi-User System.
         Starting Execute cloud user/final scripts...
[[0;32m  OK  [0m] Reached target Graphical Interface.
         Starting Update UTMP about System Runlevel Changes...
[[0;32m  OK  [0m] Started Update UTMP about System Runlevel Changes.
[   16.119148] cloud-init[1356]: Cloud-init v. 22.2-0ubuntu1~18.04.3 running 'modules:final' at Wed, 17 Aug 2022 19:35:08 +0000. Up 15.91 seconds.
[   16.122404] cloud-init[1356]: Cloud-init v. 22.2-0ubuntu1~18.04.3 finished at Wed, 17 Aug 2022 19:35:08 +0000. Datasource DataSourceNoCloud [seed=/dev/sdb][dsmode=net].  Up 16.10 seconds
[[0;32m  OK  [0m] Started Execute cloud user/final scripts.
[[0;32m  OK  [0m] Reached target Cloud-init target.

Ubuntu 18.04.6 LTS ubuntu-bionic ttyS0

ubuntu-bionic login: [[0;32m  OK  [0m] Stopped Unattended Upgrades Shutdown.
         Unmounting /vagrant...
         Stopping Authorization Manager...
[[0;32m  OK  [0m] Stopped target Cloud-init target.
[[0;32m  OK  [0m] Stopped target Graphical Interface.
         Stopping User Manager for UID 1000...
[[0;32m  OK  [0m] Closed Load/Save RF Kill Switch Status /dev/rfkill Watch.
[[0;32m  OK  [0m] Stopped Execute cloud user/final scripts.
[[0;32m  OK  [0m] Stopped Apply the settings specified in cloud-config.
[[0;32m  OK  [0m] Stopped target Cloud-config availability.
         Stopping Availability of block devices...
[[0;32m  OK  [0m] Stopped target Host and Network Name Lookups.
[[0;32m  OK  [0m] Stopped target Timers.
[[0;32m  OK  [0m] Stopped Daily apt upgrade and clean activities.
[[0;32m  OK  [0m] Stopped Daily apt download activities.
[[0;32m  OK  [0m] Stopped Daily Cleanup of Temporary Directories.
[[0;32m  OK  [0m] Stopped Discard unused blocks once a week.
[[0;32m  OK  [0m] Stopped Message of the Day.
         Stopping Session 3 of user vagrant.
[[0;32m  OK  [0m] Stopped target Multi-User System.
         Stopping System Logging Service...
         Stopping Regular background program processing daemon...
[[0;32m  OK  [0m] Stopped target Login Prompts.
         Stopping Serial Getty on ttyS0...
         Stopping vboxadd-service.service...
         Stopping LXD - container startup/shutdown...
         Stopping FUSE filesystem for LXC...
         Stopping Dispatcher daemon for systemd-networkd...
         Stopping irqbalance daemon...
[[0;32m  OK  [0m] Stopped Wait until snapd is fully seeded.
         Stopping LSB: automatic crash report generation...
         Stopping OpenBSD Secure Shell server...
         Stopping Deferred execution scheduler...
         Stopping LSB: Record successful boot for GRUB...
[[0;32m  OK  [0m] Stopped Ubuntu Advantage Timer for running repeated jobs.
[[0;32m  OK  [0m] Stopped target System Time Synchronized.
         Stopping Getty on tty1...
         Stopping Accounts Service...
         Stopping D-Bus System Message Bus...
[[0;32m  OK  [0m] Unmounted /var/lib/lxcfs.
[[0;32m  OK  [0m] Stopped Deferred execution scheduler.
[[0;32m  OK  [0m] Stopped Dispatcher daemon for systemd-networkd.
[[0;32m  OK  [0m] Stopped Accounts Service.
[[0;32m  OK  [0m] Stopped irqbalance daemon.
[[0;32m  OK  [0m] Stopped System Logging Service.
[[0;32m  OK  [0m] Stopped Regular background program processing daemon.
[[0;32m  OK  [0m] Stopped Authorization Manager.
[[0;32m  OK  [0m] Stopped Serial Getty on ttyS0.
[[0;32m  OK  [0m] Stopped Getty on tty1.
[[0;32m  OK  [0m] Stopped OpenBSD Secure Shell server.
[[0;32m  OK  [0m] Stopped User Manager for UID 1000.
[[0;32m  OK  [0m] Unmounted /vagrant.
[[0;32m  OK  [0m] Stopped Availability of block devices.
[[0;32m  OK  [0m] Stopped D-Bus System Message Bus.
[[0;32m  OK  [0m] Stopped vboxadd-service.service.
[[0;32m  OK  [0m] Stopped FUSE filesystem for LXC.
[[0;32m  OK  [0m] Stopped Session 3 of user vagrant.
         Stopping vboxadd.service...
[[0;32m  OK  [0m] Stopped target Network is Online.
[[0;32m  OK  [0m] Stopped target Remote File Systems (Pre).
[[0;32m  OK  [0m] Removed slice User Slice of vagrant.
         Stopping Login Service...
[[0;32m  OK  [0m] Removed slice system-getty.slice.
[[0;32m  OK  [0m] Removed slice system-serial\x2dgetty.slice.
         Stopping Permit User Sessions...
[[0;32m  OK  [0m] Stopped LXD - container startup/shutdown.
[[0;32m  OK  [0m] Stopped LSB: Record successful boot for GRUB.
[[0;32m  OK  [0m] Stopped Permit User Sessions.
[[0;32m  OK  [0m] Stopped target Network.
         Stopping Network Name Resolution...
[[0;32m  OK  [0m] Stopped LSB: automatic crash report generation.
[[0;32m  OK  [0m] Stopped Network Name Resolution.
[[0;32m  OK  [0m] Stopped Login Service.
[[0;32m  OK  [0m] Stopped target User and Group Name Lookups.
         Stopping Network Service...
[[0;32m  OK  [0m] Stopped Network Service.
[[0;32m  OK  [0m] Stopped target Network (Pre).
[[0;32m  OK  [0m] Stopped vboxadd.service.
[[0;32m  OK  [0m] Stopped target Basic System.
[[0;32m  OK  [0m] Stopped target Sockets.
[[0;32m  OK  [0m] Closed ACPID Listen Socket.
[[0;32m  OK  [0m] Closed Syslog Socket.
[[0;32m  OK  [0m] Closed UUID daemon activation socket.
[[0;32m  OK  [0m] Closed LXD - unix socket.
[[0;32m  OK  [0m] Closed cloud-init hotplug hook socket.
[[0;32m  OK  [0m] Closed Open-iSCSI iscsid Socket.
[[0;32m  OK  [0m] Closed Socket activation for snappy daemon.
[[0;32m  OK  [0m] Closed D-Bus System Message Bus Socket.
[[0;32m  OK  [0m] Stopped target Paths.
[[0;32m  OK  [0m] Stopped ACPI Events Check.
[[0;32m  OK  [0m] Stopped target System Initialization.
[[0;32m  OK  [0m] Stopped Initial cloud-init job (metadata service crawler).
[[0;32m  OK  [0m] Stopped Initial cloud-init job (pre-networking).
         Stopping Update UTMP about System Boot/Shutdown...
[[0;32m  OK  [0m] Stopped Apply Kernel Variables.
[[0;32m  OK  [0m] Stopped Load Kernel Modules.
[[0;32m  OK  [0m] Stopped target Local Encrypted Volumes.
[[0;32m  OK  [0m] Stopped Forward Password Requests to Wall Directory Watch.
[[0;32m  OK  [0m] Stopped Dispatch Password Requests to Console Directory Watch.
         Stopping Load/Save Random Seed...
[[0;32m  OK  [0m] Stopped target Slices.
[[0;32m  OK  [0m] Removed slice User and Session Slice.
[[0;32m  OK  [0m] Stopped Load/Save Random Seed.
[[0;32m  OK  [0m] Stopped Update UTMP about System Boot/Shutdown.
[[0;32m  OK  [0m] Stopped Create Volatile Files and Directories.
[[0;32m  OK  [0m] Stopped target Local File Systems.
         Unmounting /run/user/1000...
[[0;32m  OK  [0m] Unmounted /run/user/1000.
[[0;32m  OK  [0m] Reached target Unmount All Filesystems.
[[0;32m  OK  [0m] Stopped target Swap.
[[0;32m  OK  [0m] Stopped target Local File Systems (Pre).
[[0;32m  OK  [0m] Stopped Create Static Device Nodes in /dev.
[[0;32m  OK  [0m] Stopped Remount Root and Kernel File Systems.
[[0;32m  OK  [0m] Reached target Shutdown.
[[0;32m  OK  [0m] Reached target Final Step.
         Starting Power-Off...
         Stopping Monitoring of LVM2 mirrorsâ€¦ng dmeventd or progress polling...
[  150.694208] reboot: Power down
